<html>
<body>
<pre>
<h1>礦ision Build Log</h1>
<h2>Tool Versions:</h2>
IDE-Version: μVision V5.21.1.0
Copyright (C) 2016 ARM Ltd and ARM Germany GmbH. All rights reserved.
License Information: fliped fli, f, LIC=----
 
Tool Versions:
Toolchain:       MDK-Lite  Version: 5.21a
Toolchain Path:  H:\ARM\ARM\ARMCC\Bin
C Compiler:      Armcc.exe V5.06 update 3 (build 300)
Assembler:       Armasm.exe V5.06 update 3 (build 300)
Linker/Locator:  ArmLink.exe V5.06 update 3 (build 300)
Library Manager: ArmAr.exe V5.06 update 3 (build 300)
Hex Converter:   FromElf.exe V5.06 update 3 (build 300)
CPU DLL:         SARMCM3.DLL V5.21a
Dialog DLL:      DCM.DLL V1.13.8.0
Target DLL:      STLink\ST-LINKIII-KEIL_SWO.dll V2.0.18.0
Dialog DLL:      TCM.DLL V1.14.14.0
 
<h2>Project:</h2>
H:\ARM\STM32F103XX主机例程\RS485_HOST_PROGRAME.uvprojx
Project File Date:  07/18/2020

<h2>Output:</h2>
*** Using Compiler 'V5.06 update 3 (build 300)', folder: 'H:\ARM\ARM\ARMCC\Bin'
Rebuild target 'Project'
compiling stm32f10x_it.c...
compiling main.c...
compiling system_stm32f10x.c...
compiling led.c...
compiling crc16.c...
compiling rs485.c...
compiling timer.c...
HARDWARE\TIMER\timer.c(57): warning:  #223-D: function "countTime" declared implicitly
  		countTime();
HARDWARE\TIMER\timer.c: 1 warning, 0 errors
compiling key.c...
compiling wifi.c...
compiling delay.c...
compiling usart.c...
compiling sys.c...
assembling startup_stm32f10x_hd.s...
compiling core_cm3.c...
compiling stm32f10x_gpio.c...
compiling stm32f10x_rcc.c...
compiling stm32f10x_usart.c...
compiling misc.c...
compiling demo.c...
compiling stm32f10x_tim.c...
linking...
Program Size: Code=5400 RO-data=888 RW-data=196 ZI-data=2180  
FromELF: creating hex file...
".\OBJ\RS485_HOST_PROGRAME.axf" - 0 Error(s), 1 Warning(s).

<h2>Collection of Component include folders:</h2>
  H:\ARM\STM32F103XX主机例程\RTE
  H:\ARM\ARM\PACK\Keil\STM32F1xx_DFP\1.0.5\Device\Include

<h2>Collection of Component Files used:</h2>
Build Time Elapsed:  00:00:07
</pre>
</body>
</html>
